// Jest Snapshot v1, https://goo.gl/fbAQLP

exports[`<Form /> renders the <Form /> with an error 1`] = `
<div
  class="sc-iemWCZ iosRle"
>
  <div
    class="sc-dIvrsQ cgmzqN"
  >
    Something went wrong
  </div>
  <button
    class="sc-cxNHIi crxfIQ"
    type="submit"
  >
    Sign In
  </button>
</div>
`;

exports[`<Form /> renders the <Form /> with populated data 1`] = `
<div
  class="sc-iemWCZ iosRle"
>
  <h1
    class="sc-dlMDgC gycZWU"
  >
    Sign In Now
  </h1>
  <form
    class="sc-hHEiqL hRqBnH"
  >
    <input
      class="sc-iwajpm cORRIN"
      placeholder="Email address"
    />
    <input
      class="sc-iwajpm cORRIN"
      placeholder="Password"
      type="password"
    />
    <button
      class="sc-cxNHIi crxfIQ"
      disabled=""
      type="submit"
    >
      Sign In
    </button>
  </form>
  <p
    class="sc-kfYoZR jFYCyP"
  >
    New to Netflix?
  </p>
  <p
    class="sc-fKgJPI dQWBGx"
  >
    This page is protected by Google reCAPTCHA to ensure you're not a bot. Learn more.
  </p>
</div>
`;
